Flow report for coprocessador
Tue Sep  1 22:41:41 2026
Quartus Prime Version 25.1std.0 Build 1129 10/21/2025 SC Lite Edition


---------------------
; Table of Contents ;
---------------------
  1. Legal Notice
  2. Flow Summary
  3. Flow Settings
  4. Flow Non-Default Global Settings
  5. Flow Elapsed Time
  6. Flow OS Summary
  7. Flow Log
  8. Flow Messages
  9. Flow Suppressed Messages



----------------
; Legal Notice ;
----------------
Copyright (C) 2025  Altera Corporation. All rights reserved.
Your use of Altera Corporation's design tools, logic functions 
and other software and tools, and any partner logic 
functions, and any output files from any of the foregoing 
(including device programming or simulation files), and any 
associated documentation or information are expressly subject 
to the terms and conditions of the Altera Program License 
Subscription Agreement, the Altera Quartus Prime License Agreement,
the Altera IP License Agreement, or other applicable license
agreement, including, without limitation, that your use is for
the sole purpose of programming logic devices manufactured by
Altera and sold by Altera or its authorized distributors.  Please
refer to the Altera Software License Subscription Agreements 
on the Quartus Prime software download page.



+-----------------------------------------------------------------------------------+
; Flow Summary                                                                      ;
+---------------------------------+-------------------------------------------------+
; Flow Status                     ; Successful - Tue Sep  1 22:41:19 2026           ;
; Quartus Prime Version           ; 25.1std.0 Build 1129 10/21/2025 SC Lite Edition ;
; Revision Name                   ; coprocessador                                   ;
; Top-level Entity Name           ; DE1_SOC_golden_top                              ;
; Family                          ; Cyclone V                                       ;
; Device                          ; 5CSEMA5F31C6                                    ;
; Timing Models                   ; Final                                           ;
; Logic utilization (in ALMs)     ; 2,564 / 32,070 ( 8 % )                          ;
; Total registers                 ; 1616                                            ;
; Total pins                      ; 241 / 457 ( 53 % )                              ;
; Total virtual pins              ; 0                                               ;
; Total block memory bits         ; 229,376 / 4,065,280 ( 6 % )                     ;
; Total DSP Blocks                ; 24 / 87 ( 28 % )                                ;
; Total HSSI RX PCSs              ; 0                                               ;
; Total HSSI PMA RX Deserializers ; 0                                               ;
; Total HSSI TX PCSs              ; 0                                               ;
; Total HSSI PMA TX Serializers   ; 0                                               ;
; Total PLLs                      ; 2 / 6 ( 33 % )                                  ;
; Total DLLs                      ; 0 / 4 ( 0 % )                                   ;
+---------------------------------+-------------------------------------------------+


+-----------------------------------------+
; Flow Settings                           ;
+-------------------+---------------------+
; Option            ; Setting             ;
+-------------------+---------------------+
; Start date & time ; 09/01/2026 22:35:45 ;
; Main task         ; Compilation         ;
; Revision Name     ; coprocessador       ;
+-------------------+---------------------+


+--------------------------------------------------------------------------------------------------------------------------------+
; Flow Non-Default Global Settings                                                                                               ;
+-------------------------------------+----------------------------------------+---------------+--------------------+------------+
; Assignment Name                     ; Value                                  ; Default Value ; Entity Name        ; Section Id ;
+-------------------------------------+----------------------------------------+---------------+--------------------+------------+
; COMPILER_SIGNATURE_ID               ; 8796761228805.178830214507732          ; --            ; --                 ; --         ;
; MAX_CORE_JUNCTION_TEMP              ; 85                                     ; --            ; --                 ; --         ;
; MIN_CORE_JUNCTION_TEMP              ; 0                                      ; --            ; --                 ; --         ;
; MISC_FILE                           ; pllpara100.cmp                         ; --            ; --                 ; --         ;
; MISC_FILE                           ; meu_pll.cmp                            ; --            ; --                 ; --         ;
; MISC_FILE                           ; ram_tilemap_bb.v                       ; --            ; --                 ; --         ;
; MISC_FILE                           ; ram_sprites_bb.v                       ; --            ; --                 ; --         ;
; MISC_FILE                           ; ram_padrao_tiles_bb.v                  ; --            ; --                 ; --         ;
; MISC_FILE                           ; ram_tilemapB_bb.v                      ; --            ; --                 ; --         ;
; PARTITION_COLOR                     ; -- (Not supported for targeted family) ; --            ; DE1_SOC_golden_top ; Top        ;
; PARTITION_FITTER_PRESERVATION_LEVEL ; -- (Not supported for targeted family) ; --            ; DE1_SOC_golden_top ; Top        ;
; PARTITION_NETLIST_TYPE              ; -- (Not supported for targeted family) ; --            ; DE1_SOC_golden_top ; Top        ;
; POWER_BOARD_THERMAL_MODEL           ; None (CONSERVATIVE)                    ; --            ; --                 ; --         ;
; POWER_PRESET_COOLING_SOLUTION       ; 23 MM HEAT SINK WITH 200 LFPM AIRFLOW  ; --            ; --                 ; --         ;
; PROJECT_OUTPUT_DIRECTORY            ; output_files                           ; --            ; --                 ; --         ;
; SYNTHESIS_ONLY_QIP                  ; On                                     ; --            ; --                 ; --         ;
; SYNTHESIS_ONLY_QIP                  ; On                                     ; --            ; --                 ; --         ;
; TOP_LEVEL_ENTITY                    ; DE1_SOC_golden_top                     ; coprocessador ; --                 ; --         ;
; VERILOG_INPUT_VERSION               ; SystemVerilog_2005                     ; Verilog_2001  ; --                 ; --         ;
; VERILOG_SHOW_LMF_MAPPING_MESSAGES   ; Off                                    ; --            ; --                 ; --         ;
+-------------------------------------+----------------------------------------+---------------+--------------------+------------+


+--------------------------------------------------------------------------------------------------------------------------+
; Flow Elapsed Time                                                                                                        ;
+----------------------+--------------+-------------------------+---------------------+------------------------------------+
; Module Name          ; Elapsed Time ; Average Processors Used ; Peak Virtual Memory ; Total CPU Time (on all processors) ;
+----------------------+--------------+-------------------------+---------------------+------------------------------------+
; Analysis & Synthesis ; 00:00:38     ; 1.0                     ; 537 MB              ; 00:00:43                           ;
; Fitter               ; 00:04:37     ; 1.1                     ; 2039 MB             ; 00:06:05                           ;
; Assembler            ; 00:00:12     ; 1.0                     ; 553 MB              ; 00:00:12                           ;
; Timing Analyzer      ; 00:00:21     ; 2.0                     ; 998 MB              ; 00:00:39                           ;
; Total                ; 00:05:48     ; --                      ; --                  ; 00:07:39                           ;
+----------------------+--------------+-------------------------+---------------------+------------------------------------+


+---------------------------------------------------------------------------------+
; Flow OS Summary                                                                 ;
+----------------------+------------------+---------+------------+----------------+
; Module Name          ; Machine Hostname ; OS Name ; OS Version ; Processor type ;
+----------------------+------------------+---------+------------+----------------+
; Analysis & Synthesis ; VMUbuntu         ; Ubuntu  ; 26         ; x86_64         ;
; Fitter               ; VMUbuntu         ; Ubuntu  ; 26         ; x86_64         ;
; Assembler            ; VMUbuntu         ; Ubuntu  ; 26         ; x86_64         ;
; Timing Analyzer      ; VMUbuntu         ; Ubuntu  ; 26         ; x86_64         ;
+----------------------+------------------+---------+------------+----------------+


------------
; Flow Log ;
------------
quartus_map --read_settings_files=on --write_settings_files=off coprocessador -c coprocessador
quartus_fit --read_settings_files=off --write_settings_files=off coprocessador -c coprocessador
quartus_asm --read_settings_files=off --write_settings_files=off coprocessador -c coprocessador
quartus_sta coprocessador -c coprocessador



